// Jest Snapshot v1, https://goo.gl/fbAQLP

exports[`Sentiment renders 1`] = `
<div
  className="row"
>
  <div
    className="col-md-3"
  />
  <div
    className="col-md-3"
  >
    <form
      onSubmit={[Function]}
    >
      <label>
        Auth Token:
      </label>
      <br />
      <textarea
        cols="50"
        name="token"
        onChange={[Function]}
        rows="4"
        value=""
      />
      <br />
      <label>
        Sentence:
      </label>
      <br />
      <textarea
        cols="50"
        name="sentence"
        onChange={[Function]}
        rows="4"
        value=""
      />
      <br />
      <button
        type="submit"
      >
        Get Sentiment
      </button>
    </form>
  </div>
  <div
    className="col-md-3"
  />
</div>
`;
